main.c:91:6:HAL_TIM_PeriodElapsedCallback	16	static
main.c:102:6:HAL_TIM_IC_CaptureCallback	16	static
main.c:155:5:main	8	static
main.c:230:6:SystemClock_Config	88	static
main.c:281:13:MX_NVIC_Init	8	static
main.c:299:13:MX_RTC_Init	8	static
main.c:333:13:MX_TIM2_Init	48	static
main.c:409:13:MX_TIM3_Init	48	static
main.c:485:13:MX_TIM4_Init	64	static
main.c:556:13:MX_TIM6_Init	16	static
main.c:594:13:MX_USART2_UART_Init	8	static
main.c:627:13:MX_USART3_UART_Init	8	static
main.c:660:13:MX_GPIO_Init	56	static
main.c:764:1:__io_putchar	16	static
main.c:778:6:Error_Handler	4	static,ignoring_inline_asm
